\BOOKMARK [1][-]{section*.1}{\376\377\000A\000b\000s\000t\000r\000a\000c\000t}{}% 1
\BOOKMARK [1][-]{section.1}{\376\377\0001\000\040\000I\000n\000t\000r\000o\000d\000u\000c\000t\000i\000o\000n}{}% 2
\BOOKMARK [1][-]{section.2}{\376\377\0002\000\040\000B\000a\000c\000k\000g\000r\000o\000u\000n\000d\000\040\000a\000n\000d\000\040\000R\000e\000l\000a\000t\000e\000d\000\040\000W\000o\000r\000k}{}% 3
\BOOKMARK [1][-]{section.3}{\376\377\0003\000\040\000A\000p\000p\000r\000o\000a\000c\000h}{}% 4
\BOOKMARK [2][-]{subsection.3.1}{\376\377\0003\000.\0001\000\040\000T\000a\000s\000k\000\040\000f\000o\000r\000m\000u\000l\000a\000t\000i\000o\000n}{section.3}% 5
\BOOKMARK [2][-]{subsection.3.2}{\376\377\0003\000.\0002\000\040\000R\000e\000l\000a\000t\000i\000v\000e\000\040\000s\000i\000g\000n\000a\000l\000\040\000e\000x\000t\000r\000a\000c\000t\000i\000o\000n\000\040\000\050\000h\000e\000u\000r\000i\000s\000t\000i\000c\000\040\000b\000a\000s\000e\000l\000i\000n\000e\000\051}{section.3}% 6
\BOOKMARK [2][-]{subsection.3.3}{\376\377\0003\000.\0003\000\040\000V\000i\000s\000u\000a\000l\000\040\000r\000e\000l\000a\000t\000i\000v\000e\000\040\000s\000i\000g\000n\000a\000l\000s}{section.3}% 7
\BOOKMARK [2][-]{subsection.3.4}{\376\377\0003\000.\0004\000\040\000L\000L\000M\000\040\000r\000e\000l\000a\000t\000i\000v\000e\000\040\000r\000e\000r\000a\000n\000k\000i\000n\000g}{section.3}% 8
\BOOKMARK [2][-]{subsection.3.5}{\376\377\0003\000.\0005\000\040\000v\0002\000\040\000u\000n\000i\000f\000i\000e\000d\000\040\000f\000u\000s\000i\000o\000n}{section.3}% 9
\BOOKMARK [2][-]{subsection.3.6}{\376\377\0003\000.\0006\000\040\000v\0001\000\040\000a\000r\000c\000h\000i\000t\000e\000c\000t\000u\000r\000e\000\040\000a\000n\000d\000\040\000l\000i\000m\000i\000t\000a\000t\000i\000o\000n\000s}{section.3}% 10
\BOOKMARK [1][-]{section.4}{\376\377\0004\000\040\000E\000v\000a\000l\000u\000a\000t\000i\000o\000n}{}% 11
\BOOKMARK [2][-]{subsection.4.1}{\376\377\0004\000.\0001\000\040\000R\000e\000s\000e\000a\000r\000c\000h\000\040\000q\000u\000e\000s\000t\000i\000o\000n\000s}{section.4}% 12
\BOOKMARK [2][-]{subsection.4.2}{\376\377\0004\000.\0002\000\040\000B\000e\000n\000c\000h\000m\000a\000r\000k\000\040\000a\000n\000d\000\040\000s\000e\000t\000u\000p}{section.4}% 13
\BOOKMARK [2][-]{subsection.4.3}{\376\377\0004\000.\0003\000\040\000R\000e\000s\000u\000l\000t\000s}{section.4}% 14
\BOOKMARK [2][-]{subsection.4.4}{\376\377\0004\000.\0004\000\040\000C\000a\000s\000e\000\040\000s\000t\000u\000d\000i\000e\000s}{section.4}% 15
\BOOKMARK [2][-]{subsection.4.5}{\376\377\0004\000.\0005\000\040\000A\000n\000a\000l\000y\000s\000i\000s\000\040\000b\000y\000\040\000s\000i\000g\000n\000a\000l\000\040\000t\000y\000p\000e}{section.4}% 16
\BOOKMARK [2][-]{subsection.4.6}{\376\377\0004\000.\0006\000\040\000v\0001\000\040\000c\000o\000m\000p\000a\000r\000i\000s\000o\000n}{section.4}% 17
\BOOKMARK [1][-]{section.5}{\376\377\0005\000\040\000T\000h\000r\000e\000a\000t\000s\000\040\000t\000o\000\040\000V\000a\000l\000i\000d\000i\000t\000y}{}% 18
\BOOKMARK [1][-]{section.6}{\376\377\0006\000\040\000C\000o\000n\000c\000l\000u\000s\000i\000o\000n}{}% 19
\BOOKMARK [1][-]{appendix.A}{\376\377\000A\000\040\000v\0001\000\040\000A\000g\000g\000r\000e\000g\000a\000t\000e\000\040\000C\000o\000m\000p\000a\000r\000i\000s\000o\000n}{}% 20
\BOOKMARK [1][-]{section*.25}{\376\377\000R\000e\000f\000e\000r\000e\000n\000c\000e\000s}{}% 21
